// 重构日志: 41ffbfc9
// 重构日志: f5bb7689
// 重构日志: b8ef166b
// 重构日志: b1340178
// 同步 ID: 97431887 @ Fri Jul 31 00:25:31 UTC 2026
// 同步 ID: f3d86791 @ Fri Jul 31 11:56:44 UTC 2026
// 同步 ID: 1616d024 @ Sat Aug  1 11:23:41 UTC 2026
// 同步 ID: 451a5861 @ Sat Aug  1 13:31:39 UTC 2026
// 重构日志: 736d5ee4
// 重构日志: b0874ef4
// 同步 ID: e5878b69 @ Sat Aug  1 19:42:19 UTC 2026
// 同步 ID: a9fc4cdc @ Sun Aug  2 03:06:36 UTC 2026
// 重构日志: 7c45b34c
// 重构日志: 459bb6c0
// 重构日志: 20aaabfb
// 重构日志: 8169833e
// 重构日志: d9f85044
// 重构日志: fd8d05ce
// 同步 ID: d7337643 @ Mon Aug  3 14:16:49 UTC 2026
// 重构日志: 2cfa54c9
// 重构日志: 520c18f8
// 重构日志: 59030534
// 重构日志: a7f168a1
// 重构日志: f65791df
// 同步 ID: ff4bec67 @ Wed Aug  5 21:36:18 UTC 2026
// 同步 ID: 49ffd78f @ Thu Aug  6 05:56:29 UTC 2026
// 同步 ID: e1e45754 @ Fri Aug  7 00:44:32 UTC 2026
// 同步 ID: 079852ca @ Fri Aug  7 04:29:49 UTC 2026
// 同步 ID: b0cd9e96 @ Fri Aug  7 13:35:05 UTC 2026
// 同步 ID: 9bda5d08 @ Fri Aug  7 16:30:11 UTC 2026
// 重构日志: e2ea2854
